MPLINK 4.49, Linker
Linker Map File - Created Mon Nov 04 01:32:59 2019

                                 Section Info
                  Section       Type    Address   Location Size(Bytes)
                ---------  ---------  ---------  ---------  ---------
                   .org_0       code   0x000000    program   0x000054
                   .cinit    romdata   0x00002a    program   0x000004
.config_2007_ILERIGERI22.O       code   0x002007    program   0x000002



                              Program Memory Usage 
                               Start         End      
                           ---------   ---------      
                            0x000000    0x00002b      
                            0x002007    0x002007      
            45 out of 8454 program addresses used, program memory utilization is 0%



                              Symbols - Sorted by Name
                     Name    Address   Location    Storage File                     
                ---------  ---------  ---------  --------- ---------                
                   ARTTIR   0x000017    program     static C:\Users\Shanyu\Desktop\mplab projeler\ilerigeri22\ilerigeri22.asm
                     AYAR   0x000001    program     static C:\Users\Shanyu\Desktop\mplab projeler\ilerigeri22\ilerigeri22.asm
                    AZALT   0x00001b    program     static C:\Users\Shanyu\Desktop\mplab projeler\ilerigeri22\ilerigeri22.asm
                    BITIR   0x000028    program     static C:\Users\Shanyu\Desktop\mplab projeler\ilerigeri22\ilerigeri22.asm
                   DONGU1   0x000021    program     static C:\Users\Shanyu\Desktop\mplab projeler\ilerigeri22\ilerigeri22.asm
                   DONGU2   0x000023    program     static C:\Users\Shanyu\Desktop\mplab projeler\ilerigeri22\ilerigeri22.asm
                  GECIKME   0x00001f    program     static C:\Users\Shanyu\Desktop\mplab projeler\ilerigeri22\ilerigeri22.asm
           KONTROL_ARTTIR   0x00000d    program     static C:\Users\Shanyu\Desktop\mplab projeler\ilerigeri22\ilerigeri22.asm
            KONTROL_AZALT   0x000012    program     static C:\Users\Shanyu\Desktop\mplab projeler\ilerigeri22\ilerigeri22.asm



                              Symbols - Sorted by Address
                     Name    Address   Location    Storage File                     
                ---------  ---------  ---------  --------- ---------                
                     AYAR   0x000001    program     static C:\Users\Shanyu\Desktop\mplab projeler\ilerigeri22\ilerigeri22.asm
           KONTROL_ARTTIR   0x00000d    program     static C:\Users\Shanyu\Desktop\mplab projeler\ilerigeri22\ilerigeri22.asm
            KONTROL_AZALT   0x000012    program     static C:\Users\Shanyu\Desktop\mplab projeler\ilerigeri22\ilerigeri22.asm
                   ARTTIR   0x000017    program     static C:\Users\Shanyu\Desktop\mplab projeler\ilerigeri22\ilerigeri22.asm
                    AZALT   0x00001b    program     static C:\Users\Shanyu\Desktop\mplab projeler\ilerigeri22\ilerigeri22.asm
                  GECIKME   0x00001f    program     static C:\Users\Shanyu\Desktop\mplab projeler\ilerigeri22\ilerigeri22.asm
                   DONGU1   0x000021    program     static C:\Users\Shanyu\Desktop\mplab projeler\ilerigeri22\ilerigeri22.asm
                   DONGU2   0x000023    program     static C:\Users\Shanyu\Desktop\mplab projeler\ilerigeri22\ilerigeri22.asm
                    BITIR   0x000028    program     static C:\Users\Shanyu\Desktop\mplab projeler\ilerigeri22\ilerigeri22.asm


