MPLINK 4.49, Linker
Linker Map File - Created Fri Nov 15 19:56:37 2019

                                 Section Info
                  Section       Type    Address   Location Size(Bytes)
                ---------  ---------  ---------  ---------  ---------
                   .org_0       code   0x000000    program   0x000004
                   .cinit    romdata   0x000002    program   0x000004
                   .org_1       code   0x000004    program   0x0000de



                              Program Memory Usage 
                               Start         End      
                           ---------   ---------      
                            0x000000    0x000072      
            115 out of 8454 program addresses used, program memory utilization is 1%



                              Symbols - Sorted by Name
                     Name    Address   Location    Storage File                     
                ---------  ---------  ---------  --------- ---------                
                    BASLA   0x000062    program     static C:\Users\Shanyu\Desktop\mplab projeler\Keyped-LCD\LSD.asm
                    D50_D   0x000016    program     static C:\Users\Shanyu\Desktop\mplab projeler\Keyped-LCD\LSD.asm
                     D5_D   0x00000d    program     static C:\Users\Shanyu\Desktop\mplab projeler\Keyped-LCD\LSD.asm
                    DNGU1   0x000006    program     static C:\Users\Shanyu\Desktop\mplab projeler\Keyped-LCD\LSD.asm
              DUSEN_KENAR   0x00001b    program     static C:\Users\Shanyu\Desktop\mplab projeler\Keyped-LCD\LSD.asm
           GECIKME_200USN   0x000004    program     static C:\Users\Shanyu\Desktop\mplab projeler\Keyped-LCD\LSD.asm
            GECIKME_50MSN   0x000012    program     static C:\Users\Shanyu\Desktop\mplab projeler\Keyped-LCD\LSD.asm
             GECIKME_5MSN   0x000009    program     static C:\Users\Shanyu\Desktop\mplab projeler\Keyped-LCD\LSD.asm
                       GG   0x000072    program     static C:\Users\Shanyu\Desktop\mplab projeler\Keyped-LCD\LSD.asm
               KOMUT_4BIT   0x000021    program     static C:\Users\Shanyu\Desktop\mplab projeler\Keyped-LCD\LSD.asm
               KOMUT_8BIT   0x00002a    program     static C:\Users\Shanyu\Desktop\mplab projeler\Keyped-LCD\LSD.asm
             KURSOR_KONUM   0x00005b    program     static C:\Users\Shanyu\Desktop\mplab projeler\Keyped-LCD\LSD.asm
               LCD_AYARLA   0x00003d    program     static C:\Users\Shanyu\Desktop\mplab projeler\Keyped-LCD\LSD.asm
         LCD_KARAKTER_YAZ   0x000034    program     static C:\Users\Shanyu\Desktop\mplab projeler\Keyped-LCD\LSD.asm



                              Symbols - Sorted by Address
                     Name    Address   Location    Storage File                     
                ---------  ---------  ---------  --------- ---------                
           GECIKME_200USN   0x000004    program     static C:\Users\Shanyu\Desktop\mplab projeler\Keyped-LCD\LSD.asm
                    DNGU1   0x000006    program     static C:\Users\Shanyu\Desktop\mplab projeler\Keyped-LCD\LSD.asm
             GECIKME_5MSN   0x000009    program     static C:\Users\Shanyu\Desktop\mplab projeler\Keyped-LCD\LSD.asm
                     D5_D   0x00000d    program     static C:\Users\Shanyu\Desktop\mplab projeler\Keyped-LCD\LSD.asm
            GECIKME_50MSN   0x000012    program     static C:\Users\Shanyu\Desktop\mplab projeler\Keyped-LCD\LSD.asm
                    D50_D   0x000016    program     static C:\Users\Shanyu\Desktop\mplab projeler\Keyped-LCD\LSD.asm
              DUSEN_KENAR   0x00001b    program     static C:\Users\Shanyu\Desktop\mplab projeler\Keyped-LCD\LSD.asm
               KOMUT_4BIT   0x000021    program     static C:\Users\Shanyu\Desktop\mplab projeler\Keyped-LCD\LSD.asm
               KOMUT_8BIT   0x00002a    program     static C:\Users\Shanyu\Desktop\mplab projeler\Keyped-LCD\LSD.asm
         LCD_KARAKTER_YAZ   0x000034    program     static C:\Users\Shanyu\Desktop\mplab projeler\Keyped-LCD\LSD.asm
               LCD_AYARLA   0x00003d    program     static C:\Users\Shanyu\Desktop\mplab projeler\Keyped-LCD\LSD.asm
             KURSOR_KONUM   0x00005b    program     static C:\Users\Shanyu\Desktop\mplab projeler\Keyped-LCD\LSD.asm
                    BASLA   0x000062    program     static C:\Users\Shanyu\Desktop\mplab projeler\Keyped-LCD\LSD.asm
                       GG   0x000072    program     static C:\Users\Shanyu\Desktop\mplab projeler\Keyped-LCD\LSD.asm


