MPLINK 4.49, Linker
Linker Map File - Created Wed Oct 23 16:06:05 2019

                                 Section Info
                  Section       Type    Address   Location Size(Bytes)
                ---------  ---------  ---------  ---------  ---------
                   .org_0       code   0x000000    program   0x000000
                   .org_1       code   0x000000    program   0x000002
                   .org_2       code   0x000004    program   0x000030



                              Program Memory Usage 
                               Start         End      
                           ---------   ---------      
                            0x000000    0x000000      
                            0x000004    0x00001b      
            25 out of 8454 program addresses used, program memory utilization is 0%



                              Symbols - Sorted by Name
                     Name    Address   Location    Storage File                     
                ---------  ---------  ---------  --------- ---------                
                     AYAR   0x000013    program     static C:\Users\Shanyu\Desktop\mplab projeler\carpma\Untitled.asm
                    BASLA   0x000005    program     static C:\Users\Shanyu\Desktop\mplab projeler\carpma\Untitled.asm
                    BITIR   0x00001a    program     static C:\Users\Shanyu\Desktop\mplab projeler\carpma\Untitled.asm
                    KESME   0x00001a    program     static C:\Users\Shanyu\Desktop\mplab projeler\carpma\Untitled.asm
                     LOOP   0x00000c    program     static C:\Users\Shanyu\Desktop\mplab projeler\carpma\Untitled.asm



                              Symbols - Sorted by Address
                     Name    Address   Location    Storage File                     
                ---------  ---------  ---------  --------- ---------                
                    BASLA   0x000005    program     static C:\Users\Shanyu\Desktop\mplab projeler\carpma\Untitled.asm
                     LOOP   0x00000c    program     static C:\Users\Shanyu\Desktop\mplab projeler\carpma\Untitled.asm
                     AYAR   0x000013    program     static C:\Users\Shanyu\Desktop\mplab projeler\carpma\Untitled.asm
                    BITIR   0x00001a    program     static C:\Users\Shanyu\Desktop\mplab projeler\carpma\Untitled.asm
                    KESME   0x00001a    program     static C:\Users\Shanyu\Desktop\mplab projeler\carpma\Untitled.asm


