MPLINK 5.09, LINKER
Linker Map File - Created Mon Nov 18 12:56:06 2019

                                 Section Info
                  Section       Type    Address   Location Size(Bytes)
                ---------  ---------  ---------  ---------  ---------
                   .org_0       code   0x000000    program   0x0002e2
                   .cinit    romdata   0x000171    program   0x000004



                              Program Memory Usage 
                               Start         End      
                           ---------   ---------      
                            0x000000    0x000172      
            371 out of 8454 program addresses used, program memory utilization is 4%



                              Symbols - Sorted by Name
                     Name    Address   Location    Storage File                     
                ---------  ---------  ---------  --------- ---------                
                BASAMAK10   0x000167    program     static /Users/Nurullah/MPLABXProjects/Odev4Hesap.X/HesapMakinesi.asm
               BASAMAK100   0x000160    program     static /Users/Nurullah/MPLABXProjects/Odev4Hesap.X/HesapMakinesi.asm
                    BOLME   0x00011f    program     static /Users/Nurullah/MPLABXProjects/Odev4Hesap.X/HesapMakinesi.asm
              BOLME_SONUC   0x000159    program     static /Users/Nurullah/MPLABXProjects/Odev4Hesap.X/HesapMakinesi.asm
                   CARPMA   0x000117    program     static /Users/Nurullah/MPLABXProjects/Odev4Hesap.X/HesapMakinesi.asm
             CARPMA_SONUC   0x000154    program     static /Users/Nurullah/MPLABXProjects/Odev4Hesap.X/HesapMakinesi.asm
                  CIKARMA   0x00010f    program     static /Users/Nurullah/MPLABXProjects/Odev4Hesap.X/HesapMakinesi.asm
            CIKARMA_SONUC   0x000150    program     static /Users/Nurullah/MPLABXProjects/Odev4Hesap.X/HesapMakinesi.asm
            DEGER_TEMIZLE   0x0000a1    program     static /Users/Nurullah/MPLABXProjects/Odev4Hesap.X/HesapMakinesi.asm
                 DEGISTIR   0x0000a7    program     static /Users/Nurullah/MPLABXProjects/Odev4Hesap.X/HesapMakinesi.asm
                    DNGU1   0x000004    program     static /Users/Nurullah/MPLABXProjects/Odev4Hesap.X/HesapMakinesi.asm
              DUSEN_KENAR   0x00001e    program     static /Users/Nurullah/MPLABXProjects/Odev4Hesap.X/HesapMakinesi.asm
                  ESITTIR   0x00012f    program     static /Users/Nurullah/MPLABXProjects/Odev4Hesap.X/HesapMakinesi.asm
            GECIKME_196MS   0x000013    program     static /Users/Nurullah/MPLABXProjects/Odev4Hesap.X/HesapMakinesi.asm
           GECIKME_200USN   0x000002    program     static /Users/Nurullah/MPLABXProjects/Odev4Hesap.X/HesapMakinesi.asm
            GECIKME_50MSN   0x00000d    program     static /Users/Nurullah/MPLABXProjects/Odev4Hesap.X/HesapMakinesi.asm
             GECIKME_5MSN   0x000007    program     static /Users/Nurullah/MPLABXProjects/Odev4Hesap.X/HesapMakinesi.asm
                 GECIKTIR   0x000019    program     static /Users/Nurullah/MPLABXProjects/Odev4Hesap.X/HesapMakinesi.asm
             KARAKTER_BOL   0x000160    program     static /Users/Nurullah/MPLABXProjects/Odev4Hesap.X/HesapMakinesi.asm
               KOMUT_4BIT   0x000024    program     static /Users/Nurullah/MPLABXProjects/Odev4Hesap.X/HesapMakinesi.asm
               KOMUT_8BIT   0x00002d    program     static /Users/Nurullah/MPLABXProjects/Odev4Hesap.X/HesapMakinesi.asm
                  KONTROL   0x00006e    program     static /Users/Nurullah/MPLABXProjects/Odev4Hesap.X/HesapMakinesi.asm
             KURSOR_KONUM   0x000067    program     static /Users/Nurullah/MPLABXProjects/Odev4Hesap.X/HesapMakinesi.asm
               LCD_AYARLA   0x000040    program     static /Users/Nurullah/MPLABXProjects/Odev4Hesap.X/HesapMakinesi.asm
         LCD_KARAKTER_YAZ   0x000037    program     static /Users/Nurullah/MPLABXProjects/Odev4Hesap.X/HesapMakinesi.asm
       LCD_SAYI_DEGERIMIZ   0x0000eb    program     static /Users/Nurullah/MPLABXProjects/Odev4Hesap.X/HesapMakinesi.asm
                    ONLUK   0x0000fa    program     static /Users/Nurullah/MPLABXProjects/Odev4Hesap.X/HesapMakinesi.asm
                   SATIR0   0x00007d    program     static /Users/Nurullah/MPLABXProjects/Odev4Hesap.X/HesapMakinesi.asm
                   SATIR1   0x000086    program     static /Users/Nurullah/MPLABXProjects/Odev4Hesap.X/HesapMakinesi.asm
                   SATIR2   0x00008f    program     static /Users/Nurullah/MPLABXProjects/Odev4Hesap.X/HesapMakinesi.asm
                   SATIR3   0x000098    program     static /Users/Nurullah/MPLABXProjects/Odev4Hesap.X/HesapMakinesi.asm
                   SAYI_0   0x0000af    program     static /Users/Nurullah/MPLABXProjects/Odev4Hesap.X/HesapMakinesi.asm
                   SAYI_1   0x0000b5    program     static /Users/Nurullah/MPLABXProjects/Odev4Hesap.X/HesapMakinesi.asm
                   SAYI_2   0x0000bb    program     static /Users/Nurullah/MPLABXProjects/Odev4Hesap.X/HesapMakinesi.asm
                   SAYI_3   0x0000c1    program     static /Users/Nurullah/MPLABXProjects/Odev4Hesap.X/HesapMakinesi.asm
                   SAYI_4   0x0000c7    program     static /Users/Nurullah/MPLABXProjects/Odev4Hesap.X/HesapMakinesi.asm
                   SAYI_5   0x0000cd    program     static /Users/Nurullah/MPLABXProjects/Odev4Hesap.X/HesapMakinesi.asm
                   SAYI_6   0x0000d3    program     static /Users/Nurullah/MPLABXProjects/Odev4Hesap.X/HesapMakinesi.asm
                   SAYI_7   0x0000d9    program     static /Users/Nurullah/MPLABXProjects/Odev4Hesap.X/HesapMakinesi.asm
                   SAYI_8   0x0000df    program     static /Users/Nurullah/MPLABXProjects/Odev4Hesap.X/HesapMakinesi.asm
                   SAYI_9   0x0000e5    program     static /Users/Nurullah/MPLABXProjects/Odev4Hesap.X/HesapMakinesi.asm
                  TEMIZLE   0x000127    program     static /Users/Nurullah/MPLABXProjects/Odev4Hesap.X/HesapMakinesi.asm
                  TOPLAMA   0x000107    program     static /Users/Nurullah/MPLABXProjects/Odev4Hesap.X/HesapMakinesi.asm
             TOPLAM_SONUC   0x00014c    program     static /Users/Nurullah/MPLABXProjects/Odev4Hesap.X/HesapMakinesi.asm
                   YUZLUK   0x000102    program     static /Users/Nurullah/MPLABXProjects/Odev4Hesap.X/HesapMakinesi.asm
             _.org_0_0077   0x000077    program     static /Users/Nurullah/MPLABXProjects/Odev4Hesap.X/HesapMakinesi.asm
             _.org_0_0163   0x000163    program     static /Users/Nurullah/MPLABXProjects/Odev4Hesap.X/HesapMakinesi.asm
             _.org_0_016A   0x00016a    program     static /Users/Nurullah/MPLABXProjects/Odev4Hesap.X/HesapMakinesi.asm



                              Symbols - Sorted by Address
                     Name    Address   Location    Storage File                     
                ---------  ---------  ---------  --------- ---------                
           GECIKME_200USN   0x000002    program     static /Users/Nurullah/MPLABXProjects/Odev4Hesap.X/HesapMakinesi.asm
                    DNGU1   0x000004    program     static /Users/Nurullah/MPLABXProjects/Odev4Hesap.X/HesapMakinesi.asm
             GECIKME_5MSN   0x000007    program     static /Users/Nurullah/MPLABXProjects/Odev4Hesap.X/HesapMakinesi.asm
            GECIKME_50MSN   0x00000d    program     static /Users/Nurullah/MPLABXProjects/Odev4Hesap.X/HesapMakinesi.asm
            GECIKME_196MS   0x000013    program     static /Users/Nurullah/MPLABXProjects/Odev4Hesap.X/HesapMakinesi.asm
                 GECIKTIR   0x000019    program     static /Users/Nurullah/MPLABXProjects/Odev4Hesap.X/HesapMakinesi.asm
              DUSEN_KENAR   0x00001e    program     static /Users/Nurullah/MPLABXProjects/Odev4Hesap.X/HesapMakinesi.asm
               KOMUT_4BIT   0x000024    program     static /Users/Nurullah/MPLABXProjects/Odev4Hesap.X/HesapMakinesi.asm
               KOMUT_8BIT   0x00002d    program     static /Users/Nurullah/MPLABXProjects/Odev4Hesap.X/HesapMakinesi.asm
         LCD_KARAKTER_YAZ   0x000037    program     static /Users/Nurullah/MPLABXProjects/Odev4Hesap.X/HesapMakinesi.asm
               LCD_AYARLA   0x000040    program     static /Users/Nurullah/MPLABXProjects/Odev4Hesap.X/HesapMakinesi.asm
             KURSOR_KONUM   0x000067    program     static /Users/Nurullah/MPLABXProjects/Odev4Hesap.X/HesapMakinesi.asm
                  KONTROL   0x00006e    program     static /Users/Nurullah/MPLABXProjects/Odev4Hesap.X/HesapMakinesi.asm
             _.org_0_0077   0x000077    program     static /Users/Nurullah/MPLABXProjects/Odev4Hesap.X/HesapMakinesi.asm
                   SATIR0   0x00007d    program     static /Users/Nurullah/MPLABXProjects/Odev4Hesap.X/HesapMakinesi.asm
                   SATIR1   0x000086    program     static /Users/Nurullah/MPLABXProjects/Odev4Hesap.X/HesapMakinesi.asm
                   SATIR2   0x00008f    program     static /Users/Nurullah/MPLABXProjects/Odev4Hesap.X/HesapMakinesi.asm
                   SATIR3   0x000098    program     static /Users/Nurullah/MPLABXProjects/Odev4Hesap.X/HesapMakinesi.asm
            DEGER_TEMIZLE   0x0000a1    program     static /Users/Nurullah/MPLABXProjects/Odev4Hesap.X/HesapMakinesi.asm
                 DEGISTIR   0x0000a7    program     static /Users/Nurullah/MPLABXProjects/Odev4Hesap.X/HesapMakinesi.asm
                   SAYI_0   0x0000af    program     static /Users/Nurullah/MPLABXProjects/Odev4Hesap.X/HesapMakinesi.asm
                   SAYI_1   0x0000b5    program     static /Users/Nurullah/MPLABXProjects/Odev4Hesap.X/HesapMakinesi.asm
                   SAYI_2   0x0000bb    program     static /Users/Nurullah/MPLABXProjects/Odev4Hesap.X/HesapMakinesi.asm
                   SAYI_3   0x0000c1    program     static /Users/Nurullah/MPLABXProjects/Odev4Hesap.X/HesapMakinesi.asm
                   SAYI_4   0x0000c7    program     static /Users/Nurullah/MPLABXProjects/Odev4Hesap.X/HesapMakinesi.asm
                   SAYI_5   0x0000cd    program     static /Users/Nurullah/MPLABXProjects/Odev4Hesap.X/HesapMakinesi.asm
                   SAYI_6   0x0000d3    program     static /Users/Nurullah/MPLABXProjects/Odev4Hesap.X/HesapMakinesi.asm
                   SAYI_7   0x0000d9    program     static /Users/Nurullah/MPLABXProjects/Odev4Hesap.X/HesapMakinesi.asm
                   SAYI_8   0x0000df    program     static /Users/Nurullah/MPLABXProjects/Odev4Hesap.X/HesapMakinesi.asm
                   SAYI_9   0x0000e5    program     static /Users/Nurullah/MPLABXProjects/Odev4Hesap.X/HesapMakinesi.asm
       LCD_SAYI_DEGERIMIZ   0x0000eb    program     static /Users/Nurullah/MPLABXProjects/Odev4Hesap.X/HesapMakinesi.asm
                    ONLUK   0x0000fa    program     static /Users/Nurullah/MPLABXProjects/Odev4Hesap.X/HesapMakinesi.asm
                   YUZLUK   0x000102    program     static /Users/Nurullah/MPLABXProjects/Odev4Hesap.X/HesapMakinesi.asm
                  TOPLAMA   0x000107    program     static /Users/Nurullah/MPLABXProjects/Odev4Hesap.X/HesapMakinesi.asm
                  CIKARMA   0x00010f    program     static /Users/Nurullah/MPLABXProjects/Odev4Hesap.X/HesapMakinesi.asm
                   CARPMA   0x000117    program     static /Users/Nurullah/MPLABXProjects/Odev4Hesap.X/HesapMakinesi.asm
                    BOLME   0x00011f    program     static /Users/Nurullah/MPLABXProjects/Odev4Hesap.X/HesapMakinesi.asm
                  TEMIZLE   0x000127    program     static /Users/Nurullah/MPLABXProjects/Odev4Hesap.X/HesapMakinesi.asm
                  ESITTIR   0x00012f    program     static /Users/Nurullah/MPLABXProjects/Odev4Hesap.X/HesapMakinesi.asm
             TOPLAM_SONUC   0x00014c    program     static /Users/Nurullah/MPLABXProjects/Odev4Hesap.X/HesapMakinesi.asm
            CIKARMA_SONUC   0x000150    program     static /Users/Nurullah/MPLABXProjects/Odev4Hesap.X/HesapMakinesi.asm
             CARPMA_SONUC   0x000154    program     static /Users/Nurullah/MPLABXProjects/Odev4Hesap.X/HesapMakinesi.asm
              BOLME_SONUC   0x000159    program     static /Users/Nurullah/MPLABXProjects/Odev4Hesap.X/HesapMakinesi.asm
               BASAMAK100   0x000160    program     static /Users/Nurullah/MPLABXProjects/Odev4Hesap.X/HesapMakinesi.asm
             KARAKTER_BOL   0x000160    program     static /Users/Nurullah/MPLABXProjects/Odev4Hesap.X/HesapMakinesi.asm
             _.org_0_0163   0x000163    program     static /Users/Nurullah/MPLABXProjects/Odev4Hesap.X/HesapMakinesi.asm
                BASAMAK10   0x000167    program     static /Users/Nurullah/MPLABXProjects/Odev4Hesap.X/HesapMakinesi.asm
             _.org_0_016A   0x00016a    program     static /Users/Nurullah/MPLABXProjects/Odev4Hesap.X/HesapMakinesi.asm


