MPLINK 4.49, Linker
Linker Map File - Created Tue Nov 12 14:00:14 2019

                                 Section Info
                  Section       Type    Address   Location Size(Bytes)
                ---------  ---------  ---------  ---------  ---------
                   .org_0       code   0x000000    program   0x000004
                   .cinit    romdata   0x000002    program   0x000004
                   .org_1       code   0x000004    program   0x0000d6
     .config_2007_TIMER.O       code   0x002007    program   0x000002



                              Program Memory Usage 
                               Start         End      
                           ---------   ---------      
                            0x000000    0x00006e      
                            0x002007    0x002007      
            112 out of 8454 program addresses used, program memory utilization is 1%



                              Symbols - Sorted by Name
                     Name    Address   Location    Storage File                     
                ---------  ---------  ---------  --------- ---------                
                    BASLA   0x00005d    program     static C:\Users\Shanyu\Desktop\mplab projeler\Timer\TIMER.asm
                    DONGU   0x000062    program     static C:\Users\Shanyu\Desktop\mplab projeler\Timer\TIMER.asm
                   DONGU1   0x00002c    program     static C:\Users\Shanyu\Desktop\mplab projeler\Timer\TIMER.asm
                    DONUS   0x000027    program     static C:\Users\Shanyu\Desktop\mplab projeler\Timer\TIMER.asm
                  GECIKME   0x000028    program     static C:\Users\Shanyu\Desktop\mplab projeler\Timer\TIMER.asm
                  KONTROL   0x00001b    program     static C:\Users\Shanyu\Desktop\mplab projeler\Timer\TIMER.asm
             LOOKUP_TABLE   0x000033    program     static C:\Users\Shanyu\Desktop\mplab projeler\Timer\TIMER.asm
                PORT_AYAR   0x00003e    program     static C:\Users\Shanyu\Desktop\mplab projeler\Timer\TIMER.asm
             _.org_1_002D   0x00002d    program     static C:\Users\Shanyu\Desktop\mplab projeler\Timer\TIMER.asm



                              Symbols - Sorted by Address
                     Name    Address   Location    Storage File                     
                ---------  ---------  ---------  --------- ---------                
                  KONTROL   0x00001b    program     static C:\Users\Shanyu\Desktop\mplab projeler\Timer\TIMER.asm
                    DONUS   0x000027    program     static C:\Users\Shanyu\Desktop\mplab projeler\Timer\TIMER.asm
                  GECIKME   0x000028    program     static C:\Users\Shanyu\Desktop\mplab projeler\Timer\TIMER.asm
                   DONGU1   0x00002c    program     static C:\Users\Shanyu\Desktop\mplab projeler\Timer\TIMER.asm
             _.org_1_002D   0x00002d    program     static C:\Users\Shanyu\Desktop\mplab projeler\Timer\TIMER.asm
             LOOKUP_TABLE   0x000033    program     static C:\Users\Shanyu\Desktop\mplab projeler\Timer\TIMER.asm
                PORT_AYAR   0x00003e    program     static C:\Users\Shanyu\Desktop\mplab projeler\Timer\TIMER.asm
                    BASLA   0x00005d    program     static C:\Users\Shanyu\Desktop\mplab projeler\Timer\TIMER.asm
                    DONGU   0x000062    program     static C:\Users\Shanyu\Desktop\mplab projeler\Timer\TIMER.asm


